../Core/Src/../tests/dynamic_test.h:18:14:dynamic_device_beacon_survey	432	static
../Core/Src/../tests/dynamic_test.h:208:14:all_dynamic_tests	16	static
../Core/Src/../tests/static_test.h:32:14:all_static_tests	16	static
../Core/Src/../tests/static_test.h:53:14:static_device_beacon_survey_no_error	392	static
../Core/Src/../tests/static_test.h:233:14:static_device_beacon_survey_with_error	416	static
../Core/Src/../tests/../beacon/test_beacon.h:17:14:test_beacon_initialization	64	static
../Core/Src/../tests/../beacon/test_beacon.h:34:14:test_beacon_not_initialized	64	static
../Core/Src/../tests/../beacon/test_beacon.h:49:14:beacon_all_tests	16	static
../Core/Src/../tests/../device/test_device.h:16:14:test_device_initialization	120	static
../Core/Src/../tests/../device/test_device.h:57:14:test_device_not_initialized	72	static
../Core/Src/../tests/../device/test_device.h:71:14:device_all_tests	16	static
../Core/Src/../tests/../environment/test_environment.h:23:14:test_environment_initialization	64	static
../Core/Src/../tests/../environment/test_environment.h:55:14:test_environment_not_initialized	40	static
../Core/Src/../tests/../environment/test_environment.h:71:14:environment_all_tests	16	static
../Core/Src/../tests/../indexer/test_indexer.h:23:14:test_indexer_initialized	32	static
../Core/Src/../tests/../indexer/test_indexer.h:42:14:test_indexer_not_initialized	32	static
../Core/Src/../tests/../indexer/test_indexer.h:59:14:indexer_all_tests	16	static
../Core/Src/../tests/../magnetic_field/test_magnetic_field.h:22:14:test_magnetic_field_source_initialized	40	static
../Core/Src/../tests/../magnetic_field/test_magnetic_field.h:41:14:test_magnetic_field_source_not_initialized	40	static
../Core/Src/../tests/../magnetic_field/test_magnetic_field.h:57:14:magnetic_field_all_tests	16	static
../Core/Src/../tests/../magnetic_sensor/test_magnetic_sensor.h:19:14:test_magnetic_sensor_initialized	128	static
../Core/Src/../tests/../magnetic_sensor/test_magnetic_sensor.h:42:14:test_magnetic_sensor_not_initialized	120	static
../Core/Src/../tests/../magnetic_sensor/test_magnetic_sensor.h:56:14:magnetic_sensor_all_tests	16	static
../Core/Src/../tests/../navigation/test_navigation.h:22:14:test_calculate_position_by_trilateration_three_references	72	static
../Core/Src/../tests/../navigation/test_navigation.h:80:14:navigation_all_tests	16	static
../Core/Src/../tests/../spectrum/test_spectrum.h:22:14:test_spectrum_initialized	32	static
../Core/Src/../tests/../spectrum/test_spectrum.h:47:14:test_spectrum_not_initialized	32	static
../Core/Src/../tests/../spectrum/test_spectrum.h:61:14:spectrum_all_tests	16	static
../Core/Src/../tests/unit_test.h:25:14:all_unit_tests	40	static
../Core/Src/../tests/main_test.h:11:14:all_tests	24	static
../Core/Src/../tests/main_test.h:19:5:run_all_tests	16	static
../Core/Src/freertos.c:74:6:MX_FREERTOS_Init	8	static
../Core/Src/freertos.c:119:6:StartDefaultTask	16	static
